// Jest Snapshot v1, https://goo.gl/fbAQLP

exports[`matches snapshot 1`] = `
<DocumentFragment>
  <div>
    <div
      class="BoxList"
    >
      <h1>
        Create a New Box
      </h1>
      <div
        class="NewBoxForm"
      >
        <form>
          <div>
            <label
              for="width"
            >
              Width
            </label>
            <input
              id="width"
              name="width"
              placeholder="Box Width"
              type="text"
              value=""
            />
          </div>
          <div>
            <label
              for="height"
            >
              Height
            </label>
            <input
              id="height"
              name="height"
              placeholder="Box Height"
              type="text"
              value=""
            />
          </div>
          <div>
            <label
              for="backgroundColor"
            >
              Color
            </label>
            <input
              id="backgroundColor"
              name="backgroundColor"
              placeholder="Box Color"
              type="text"
              value=""
            />
          </div>
          <button>
            Create Box!
          </button>
        </form>
      </div>
    </div>
  </div>
</DocumentFragment>
`;
