// Jest Snapshot v1, https://goo.gl/fbAQLP

exports[`matches snapshot 1`] = `
<DocumentFragment>
  <div
    class="Box-container"
  >
    <div
      class="Box"
      style="height: 5em; width: 5em; background-color: green;"
    />
    <button>
      X
    </button>
  </div>
</DocumentFragment>
`;
